// Jest Snapshot v1, https://goo.gl/fbAQLP

exports[`match snapshot 1`] = `
<form>
  <textarea
    className="form-control"
    onChange={[Function]}
    placeholder="comment"
    type="text"
    value=""
  />
  <button
    className="btn btn-primary"
    onClick={[Function]}
  >
    Add
  </button>
</form>
`;
